hmm	i	got	hacked	do
i	got	hacked	do	not
got	hacked	do	not	open
hacked	do	not	open	that
do	not	open	that	link
facility	all	day	even	had
all	day	even	had	a
day	even	had	a	hour
would	love	to	connect	sometime
love	to	connect	sometime	where
to	connect	sometime	where	are
connect	sometime	where	are	you
sometime	where	are	you	located
congrats	and	best	of	luck
and	best	of	luck	on
best	of	luck	on	your
of	luck	on	your	new
luck	on	your	new	restaurant
congrats	and	best	of	luck
and	best	of	luck	on
best	of	luck	on	your
of	luck	on	your	new
luck	on	your	new	restaurant
