black	friday	3
best	of	2
your	new	2
and	best	2
of	luck	2
on	your	2
luck	on	2
congrats	and	2
new	restaurant	2
where	are	1
connect	sometime	1
not	open	1
do	not	1
are	you	1
had	a	1
love	to	1
got	hacked	1
open	that	1
even	had	1
hmm	i	1
facility	all	1
to	connect	1
i	got	1
sometime	where	1
hacked	do	1
a	hour	1
you	located	1
would	love	1
day	even	1
that	link	1
all	day	1
