hmm	i
i	got
got	hacked
hacked	do
do	not
not	open
open	that
that	link
facility	all
all	day
day	even
even	had
had	a
a	hour
black	friday
would	love
love	to
to	connect
connect	sometime
sometime	where
where	are
are	you
you	located
black	friday
congrats	and
and	best
best	of
of	luck
luck	on
on	your
your	new
new	restaurant
black	friday
congrats	and
and	best
best	of
of	luck
luck	on
on	your
your	new
new	restaurant
